
> nextn@0.1.0 build
> next build

   Ôû▓ Next.js 15.5.9
   - Environments: .env.local

   Creating an optimized production build ...
npm :  ÔÜá Compiled with warnings in 3.0s
En línea: 1 Carácter: 1
+ npm run build 2>&1 | Out-File -FilePath build-errors.txt
+ ~~~~~~~~~~~~~~~~~~
    + CategoryInfo          : NotSpecified: ( ÔÜá Compiled with warnings in 3.0s:String) [], Re 
   moteException
    + FullyQualifiedErrorId : NativeCommandError
 

./node_modules/resend/dist/index.mjs
Module not found: Can't resolve '@react-email/render' in 
'D:\ecomerce\e-comerce\node_modules\resend\dist'

Import trace for requested module:
./node_modules/resend/dist/index.mjs
./src/lib/email.ts
./src/app/(main)/order/success/page.tsx

 Ô£ô Compiled successfully in 8.1s
   Linting and checking validity of types ...
Failed to compile.

./src/app/(main)/products/[id]/page.tsx:220:9
Type error: Type 'ReviewStats | null' is not assignable to type 'ReviewStats | null | 
undefined'.
  Type 'import("D:/ecomerce/e-comerce/src/types/review").ReviewStats' is not assignable to type 
'ReviewStats'.
    Types of property 'distribution' are incompatible.
      Type 'Record<number, number>' is missing the following properties from type '{ 1: number; 
2: number; 3: number; 4: number; 5: number; }': 1, 2, 3, 4, 5

[0m [90m 218 |[39m         product[33m=[39m{product} 
 [90m 219 |[39m         initialReviews[33m=[39m{serverReviews} 
[31m[1m>[22m[39m[90m 220 |[39m         initialStats[33m=[39m{safeStats} 
 [90m     |[39m         [31m[1m^[22m[39m
 [90m 221 |[39m       [33m/[39m[33m>[39m
 [90m 222 |[39m     [33m<[39m[33m/[39m[33mdiv[39m[33m>[39m
 [90m 223 |[39m   )[33m;[39m[0m
Next.js build worker exited with code: 1 and signal: null
